Microchip MPLAB XC8 Compiler V2.36

Linker command line:

--edf=C:\Program Files\Microchip\xc8\v2.36\pic\dat\en_msgs.txt -cn \
  -h+pic18F4580.sym --cmf=pic18F4580.cmf -z -Q18F4580 \
  -oC:\Users\VENKAT~1\AppData\Local\Temp\xcAs1jk.4 -Mpic18F4580.map \
  --md=C:\Users\VENKAT~1\AppData\Local\Temp\xcAs1jk.dat -ver=XC8 Compiler \
  -ACODE=00h-03000h -ACONST=00h-03000h \
  -ASMALLCONST=0600h-06FFhx42,03000h-03000h -AMEDIUMCONST=0600h-03000h \
  -ACOMRAM=01h-05Fh -AABS1=00h-05FFh -ABIGRAM=01h-05FFh \
  -ARAM=060h-0FFh,0100h-01FFhx5 -ABANK0=060h-0FFh -ABANK1=0100h-01FFh \
  -ABANK2=0200h-02FFh -ABANK3=0300h-03FFh -ABANK4=0400h-04FFh \
  -ABANK5=0500h-05FFh -ASFR=0D00h-0DFFhx2,0F00h-0F5Fh,0F60h-0FFFh \
  -ABIGSFR=0D00h-0FFFh -ACONFIG=0300000h-030000Dh -AIDLOC=0200000h-0200007h \
  -AEEDATA=0F00000h-0F000FFh -peeprom_data=EEDATA \
  -preset_vec=00h,intcode,intcodelo,powerup,init -pramtop=0600h \
  -psmallconst=SMALLCONST -pmediumconst=MEDIUMCONST -pconst=CONST \
  -AFARRAM=00h-00h \
  -prdata=COMRAM,nvrram=COMRAM,nvbit=COMRAM,rbss=COMRAM,rbit=COMRAM \
  -pfarbss=FARRAM,fardata=FARRAM,nvFARRAM=FARRAM \
  -pintsave_regs=BIGRAM,bigbss=BIGRAM,bigdata=BIGRAM -pbss=RAM \
  -pidata=CODE,irdata=CODE,ibigdata=CODE,ifardata=CODE -prparam=COMRAM \
  startup.obj pic18F4580.obj 

Object code version is 3.11

Machine type is 18F4580



                Name                               Link     Load   Length Selector   Space Scale
startup.obj     init                                  0        0        4        0       0
pic18F4580.obj  mediumconst                        2E9A     2E9A      166     174D       0
                text48                             13D0     13D0       3A      9E8       0
                text47                             12E6     12E6       2A      973       0
                text46                             12BE     12BE       28      95F       0
                text45                             16CC     16CC       60      B66       0
                text44                             122A     122A       18      915       0
                text43                             11B0     11B0        6      8D8       0
                text42                             11B6     11B6        8      8DB       0
                text41                             11BE     11BE        8      8DF       0
                text40                             11DE     11DE        C      8EF       0
                text39                             11C6     11C6        8      8E3       0
                text38                             11CE     11CE        8      8E7       0
                text37                             11D6     11D6        8      8EB       0
                text36                             11EA     11EA        C      8F5       0
                text35                             1310     1310       2A      988       0
                text34                             179C     179C       78      BCE       0
                text33                             1482     1482       3E      A41       0
                text32                             24A8     24A8      2D4     1254       0
                text31                             1934     1934       AE      C9A       0
                text30                             1B70     1B70       E6      DB8       0
                text29                             1D40     1D40       F4      EA0       0
                text28                             1A9E     1A9E       D2      D4F       0
                text27                             15CA     15CA       52      AE5       0
                text26                             14FE     14FE       42      A7F       0
                text25                             129A     129A       24      94D       0
                text24                             140A     140A       3C      A05       0
                text23                             1898     1898       9C      C4C       0
                text22                             133A     133A       2A      99D       0
                text21                             1670     1670       5C      B38       0
                text20                             1446     1446       3C      A23       0
                text19                             1364     1364       36      9B2       0
                text18                             228A     228A      21E     1145       0
                text17                             11F6     11F6        C      8FB       0
                text16                             19E2     19E2       BC      CF1       0
                text15                             1814     1814       84      C0A       0
                text14                             172C     172C       70      B96       0
                text13                             125C     125C       1E      92E       0
                text12                             2A64     2A64      436     1532       0
                text11                             20A0     20A0      1EA     1050       0
                text10                             1E34     1E34      10C      F1A       0
                text9                              1C56     1C56       EA      E2B       0
                text8                              277C     277C      2E8     13BE       0
                text7                              127A     127A       20      93D       0
                text6                              139A     139A       36      9CD       0
                text5                              1582     1582       48      AC1       0
                text4                              1214     1214       16      90A       0
                text3                              1202     1202       12      901       0
                text2                              14C0     14C0       3E      A60       0
                text1                              1540     1540       42      AA0       0
                text0                              1F40     1F40      160      FA0       0
                cstackCOMRAM                          1        1       44        1       1
                dataBANK0                            7C       7C       1A       60       1
                bssBANK0                             60       60       1C       60       1
                dataCOMRAM                           5D       5D        1        1       1
                bssCOMRAM                            45       45       18        1       1
                cinit                              161C     161C       54      B0E       0
                idataBANK0                         1242     1242       1A     1242       0
                idataCOMRAM                        3000     3000        1     3000       0

TOTAL           Name                               Link     Load   Length     Space
        CLASS   CODE           
                init                                  0        0        4         0
                text48                             13D0     13D0       3A         0
                text47                             12E6     12E6       2A         0
                text46                             12BE     12BE       28         0
                text45                             16CC     16CC       60         0
                text44                             122A     122A       18         0
                text43                             11B0     11B0        6         0
                text42                             11B6     11B6        8         0
                text41                             11BE     11BE        8         0
                text40                             11DE     11DE        C         0
                text39                             11C6     11C6        8         0
                text38                             11CE     11CE        8         0
                text37                             11D6     11D6        8         0
                text36                             11EA     11EA        C         0
                text35                             1310     1310       2A         0
                text34                             179C     179C       78         0
                text33                             1482     1482       3E         0
                text32                             24A8     24A8      2D4         0
                text31                             1934     1934       AE         0
                text30                             1B70     1B70       E6         0
                text29                             1D40     1D40       F4         0
                text28                             1A9E     1A9E       D2         0
                text27                             15CA     15CA       52         0
                text26                             14FE     14FE       42         0
                text25                             129A     129A       24         0
                text24                             140A     140A       3C         0
                text23                             1898     1898       9C         0
                text22                             133A     133A       2A         0
                text21                             1670     1670       5C         0
                text20                             1446     1446       3C         0
                text19                             1364     1364       36         0
                text18                             228A     228A      21E         0
                text17                             11F6     11F6        C         0
                text16                             19E2     19E2       BC         0
                text15                             1814     1814       84         0
                text14                             172C     172C       70         0
                text13                             125C     125C       1E         0
                text12                             2A64     2A64      436         0
                text11                             20A0     20A0      1EA         0
                text10                             1E34     1E34      10C         0
                text9                              1C56     1C56       EA         0
                text8                              277C     277C      2E8         0
                text7                              127A     127A       20         0
                text6                              139A     139A       36         0
                text5                              1582     1582       48         0
                text4                              1214     1214       16         0
                text3                              1202     1202       12         0
                text2                              14C0     14C0       3E         0
                text1                              1540     1540       42         0
                text0                              1F40     1F40      160         0
                cinit                              161C     161C       54         0
                idataBANK0                         1242     1242       1A         0
                idataCOMRAM                        3000     3000        1         0

        CLASS   CONST          

        CLASS   SMALLCONST     

        CLASS   MEDIUMCONST    
                mediumconst                        2E9A     2E9A      166         0

        CLASS   COMRAM         
                cstackCOMRAM                          1        1       44         1
                dataCOMRAM                           5D       5D        1         1
                bssCOMRAM                            45       45       18         1

        CLASS   ABS1           

        CLASS   BIGRAM         

        CLASS   RAM            

        CLASS   BANK0          
                dataBANK0                            7C       7C       1A         1
                bssBANK0                             60       60       1C         1

        CLASS   BANK1          

        CLASS   BANK2          

        CLASS   BANK3          

        CLASS   BANK4          

        CLASS   BANK5          

        CLASS   SFR            

        CLASS   BIGSFR         

        CLASS   CONFIG         

        CLASS   IDLOC          

        CLASS   EEDATA         

        CLASS   FARRAM         

        CLASS   HEAP           

        CLASS   STACK          



SEGMENTS        Name                           Load    Length   Top    Selector   Space  Class

                reset_vec                      000000  000004  000004         0       0  CODE    
                cstackCOMRAM                   000001  00005D  00005E         1       1  COMRAM  
                bssBANK0                       000060  000036  000096        60       1  BANK0   
                text43                         0011B0  000006  0011B6       8D8       0  CODE    
                text42                         0011B6  000008  0011BE       8DB       0  CODE    
                text41                         0011BE  000008  0011C6       8DF       0  CODE    
                text39                         0011C6  000008  0011CE       8E3       0  CODE    
                text38                         0011CE  000008  0011D6       8E7       0  CODE    
                text37                         0011D6  000008  0011DE       8EB       0  CODE    
                text40                         0011DE  00000C  0011EA       8EF       0  CODE    
                text36                         0011EA  00000C  0011F6       8F5       0  CODE    
                text17                         0011F6  00000C  001202       8FB       0  CODE    
                text3                          001202  000012  001214       901       0  CODE    
                text4                          001214  000016  00122A       90A       0  CODE    
                text44                         00122A  000018  001242       915       0  CODE    
                idataBANK0                     001242  00001A  00125C      1242       0  CODE    
                text13                         00125C  00001E  00127A       92E       0  CODE    
                text7                          00127A  000020  00129A       93D       0  CODE    
                text25                         00129A  000024  0012BE       94D       0  CODE    
                text46                         0012BE  000028  0012E6       95F       0  CODE    
                text47                         0012E6  00002A  001310       973       0  CODE    
                text35                         001310  00002A  00133A       988       0  CODE    
                text22                         00133A  00002A  001364       99D       0  CODE    
                text19                         001364  000036  00139A       9B2       0  CODE    
                text6                          00139A  000036  0013D0       9CD       0  CODE    
                text48                         0013D0  00003A  00140A       9E8       0  CODE    
                text24                         00140A  00003C  001446       A05       0  CODE    
                text20                         001446  00003C  001482       A23       0  CODE    
                text33                         001482  00003E  0014C0       A41       0  CODE    
                text2                          0014C0  00003E  0014FE       A60       0  CODE    
                text26                         0014FE  000042  001540       A7F       0  CODE    
                text1                          001540  000042  001582       AA0       0  CODE    
                text5                          001582  000048  0015CA       AC1       0  CODE    
                text27                         0015CA  000052  00161C       AE5       0  CODE    
                cinit                          00161C  000054  001670       B0E       0  CODE    
                text21                         001670  00005C  0016CC       B38       0  CODE    
                text45                         0016CC  000060  00172C       B66       0  CODE    
                text14                         00172C  000070  00179C       B96       0  CODE    
                text34                         00179C  000078  001814       BCE       0  CODE    
                text15                         001814  000084  001898       C0A       0  CODE    
                text23                         001898  00009C  001934       C4C       0  CODE    
                text31                         001934  0000AE  0019E2       C9A       0  CODE    
                text16                         0019E2  0000BC  001A9E       CF1       0  CODE    
                text28                         001A9E  0000D2  001B70       D4F       0  CODE    
                text30                         001B70  0000E6  001C56       DB8       0  CODE    
                text9                          001C56  0000EA  001D40       E2B       0  CODE    
                text29                         001D40  0000F4  001E34       EA0       0  CODE    
                text10                         001E34  00010C  001F40       F1A       0  CODE    
                text0                          001F40  000160  0020A0       FA0       0  CODE    
                text11                         0020A0  0001EA  00228A      1050       0  CODE    
                text18                         00228A  00021E  0024A8      1145       0  CODE    
                text32                         0024A8  0002D4  00277C      1254       0  CODE    
                text8                          00277C  0002E8  002A64      13BE       0  CODE    
                text12                         002A64  000436  002E9A      1532       0  CODE    
                mediumconst                    002E9A  000166  003000      174D       0  MEDIUMCO
                idataCOMRAM                    003000  000001  003001      3000       0  CODE    


UNUSED ADDRESS RANGES

        Name                Unused          Largest block    Delta
        BANK0            0096-00FF             6A
        BANK1            0100-01FF            100
        BANK2            0200-02FF            100
        BANK3            0300-03FF            100
        BANK4            0400-04FF            100
        BANK5            0500-05FF            100
        BIGRAM           005E-005F              2
                         0096-05FF            56A
        BIGSFR           0D00-0FFF            300
        CODE             0004-11AF           11AC
        COMRAM           005E-005F              2
        CONFIG           300000-30000D              E
        CONST            0004-11AF           11AC
        EEDATA           F00000-F000FF            100
        IDLOC            200000-200007              8
        MEDIUMCONST      0600-11AF            BB0
        RAM              0096-05FF            100
        SFR              0D00-0FFF            100
        SMALLCONST       0600-11AF            100

                                  Symbol Table

?___awdiv                      cstackCOMRAM 0001
?___awmod                      cstackCOMRAM 0009
?___ftdiv                      cstackCOMRAM 000C
?___ftmul                      cstackCOMRAM 001B
?___ftpack                     cstackCOMRAM 0001
?___fttol                      cstackCOMRAM 002A
?___lwdiv                      cstackCOMRAM 0001
?___lwmod                      cstackCOMRAM 0001
?___lwtoft                     cstackCOMRAM 0009
?_read_adc                     cstackCOMRAM 0001
_ABDEN                         (abs)        7DC0
_ABDOVF                        (abs)        7DC7
_ACKDT                         (abs)        7E2D
_ACKEN                         (abs)        7E2C
_ACKSTAT                       (abs)        7E2E
_ACQT0                         (abs)        7E03
_ACQT1                         (abs)        7E04
_ACQT2                         (abs)        7E05
_ADCON0                        (abs)        0FC2
_ADCON1                        (abs)        0FC1
_ADCS0                         (abs)        7E00
_ADCS1                         (abs)        7E01
_ADCS2                         (abs)        7E02
_ADDEN                         (abs)        7D5B
_ADFM                          (abs)        7E07
_ADON                          (abs)        7E10
_ADRESH                        (abs)        0FC4
_ADRESL                        (abs)        0FC3
_BCLIF                         (abs)        7D0B
_BRG16                         (abs)        7DC3
_BRGH                          (abs)        7D62
_CKE                           (abs)        7E3E
_CREN                          (abs)        7D5C
_CSRC                          (abs)        7D67
_FERR                          (abs)        7D5A
_GO                            (abs)        7E11
_GODONE                        (abs)        7E11
_OERR                          (abs)        7D59
_PEN                           (abs)        7E2A
_PORTB                         (abs)        0F81
_PORTBbits                     (abs)        0F81
_PORTCbits                     (abs)        0F82
_PORTD                         (abs)        0F83
_PORTDbits                     (abs)        0F83
_RBPU                          (abs)        7F8F
_RCEN                          (abs)        7E2B
_RCIDL                         (abs)        7DC6
_RCIE                          (abs)        7CED
_RCIF                          (abs)        7CF5
_RCREG                         (abs)        0FAE
_RSEN                          (abs)        7E29
_RX9                           (abs)        7D5E
_RX9D                          (abs)        7D58
_SCKP                          (abs)        7DC4
_SEN                           (abs)        7E28
_SENDB                         (abs)        7D63
_SMP                           (abs)        7E3F
_SPBRG                         (abs)        0FAF
_SPEN                          (abs)        7D5F
_SREN                          (abs)        7D5D
_SSPADD                        (abs)        0FC8
_SSPBUF                        (abs)        0FC9
_SSPCON1                       (abs)        0FC6
_SSPIF                         (abs)        7CF3
_SYNC                          (abs)        7D64
_TRISB                         (abs)        0F93
_TRISC                         (abs)        0F94
_TRISC3                        (abs)        7CA3
_TRISC4                        (abs)        7CA4
_TRISC6                        (abs)        7CA6
_TRISC7                        (abs)        7CA7
_TRISD                         (abs)        0F95
_TRISD7                        (abs)        7CAF
_TRMT                          (abs)        7D61
_TX9                           (abs)        7D66
_TX9D                          (abs)        7D60
_TXEN                          (abs)        7D65
_TXIE                          (abs)        7CEC
_TXIF                          (abs)        7CF4
_TXREG                         (abs)        0FAD
_VCFG0                         (abs)        7E0C
_VCFG1                         (abs)        7E0D
_WUE                           (abs)        7DC1
__HRAM                         (abs)        0000
__Habs1                        abs1         0000
__Hbank0                       bank0        0000
__Hbank1                       bank1        0000
__Hbank2                       bank2        0000
__Hbank3                       bank3        0000
__Hbank4                       bank4        0000
__Hbank5                       bank5        0000
__Hbigbss                      bigbss       0000
__Hbigdata                     bigdata      0000
__Hbigram                      bigram       0000
__Hbigsfr                      bigsfr       0000
__Hbss                         bss          0000
__HbssBANK0                    bssBANK0     0000
__HbssCOMRAM                   bssCOMRAM    0000
__Hcinit                       cinit        0000
__Hclrtext                     clrtext      0000
__Hcomram                      comram       0000
__Hconfig                      config       0000
__Hconst                       const        0000
__HcstackCOMRAM                cstackCOMRAM 0000
__Hdata                        data         0000
__HdataBANK0                   dataBANK0    0000
__HdataCOMRAM                  dataCOMRAM   0000
__Heeprom_data                 eeprom_data  0000
__Hfarbss                      farbss       0000
__Hfardata                     fardata      0000
__Hheap                        heap         0000
__Hibigdata                    ibigdata     0000
__Hidata                       idata        0000
__HidataBANK0                  idataBANK0   0000
__HidataCOMRAM                 idataCOMRAM  0000
__Hidloc                       idloc        0000
__Hifardata                    ifardata     0000
__Hinit                        init         0004
__Hintcode                     intcode      0000
__Hintcode_body                intcode_body 0000
__Hintcodelo                   intcodelo    0000
__Hintentry                    intentry     0000
__Hintret                      intret       0000
__Hintsave_regs                intsave_regs 0000
__Hirdata                      irdata       0000
__Hmediumconst                 mediumconst  3000
__HnvFARRAM                    nvFARRAM     0000
__Hnvbit                       nvbit        0000
__Hnvrram                      nvrram       0000
__Hparam                       rparam       0000
__Hpowerup                     powerup      0000
__Hram                         ram          0000
__Hramtop                      ramtop       0600
__Hrbit                        rbit         0000
__Hrbss                        rbss         0000
__Hrdata                       rdata        0000
__Hreset_vec                   reset_vec    0000
__Hrparam                      rparam       0000
__Hsfr                         sfr          0000
__Hsmallconst                  smallconst   0000
__Hspace_0                     (abs)        3001
__Hspace_1                     (abs)        0096
__Hspace_2                     (abs)        0000
__Hspace_4                     (abs)        0000
__Hstack                       stack        0000
__Hstruct                      struct       0000
__Htemp                        temp         0000
__Htext                        text         0000
__Htext0                       text0        0000
__Htext1                       text1        0000
__Htext10                      text10       0000
__Htext11                      text11       0000
__Htext12                      text12       0000
__Htext13                      text13       0000
__Htext14                      text14       0000
__Htext15                      text15       0000
__Htext16                      text16       0000
__Htext17                      text17       0000
__Htext18                      text18       0000
__Htext19                      text19       0000
__Htext2                       text2        0000
__Htext20                      text20       0000
__Htext21                      text21       0000
__Htext22                      text22       0000
__Htext23                      text23       0000
__Htext24                      text24       0000
__Htext25                      text25       0000
__Htext26                      text26       0000
__Htext27                      text27       0000
__Htext28                      text28       0000
__Htext29                      text29       0000
__Htext3                       text3        0000
__Htext30                      text30       0000
__Htext31                      text31       0000
__Htext32                      text32       0000
__Htext33                      text33       0000
__Htext34                      text34       0000
__Htext35                      text35       0000
__Htext36                      text36       0000
__Htext37                      text37       0000
__Htext38                      text38       0000
__Htext39                      text39       0000
__Htext4                       text4        0000
__Htext40                      text40       0000
__Htext41                      text41       0000
__Htext42                      text42       0000
__Htext43                      text43       0000
__Htext44                      text44       0000
__Htext45                      text45       0000
__Htext46                      text46       0000
__Htext47                      text47       0000
__Htext48                      text48       0000
__Htext5                       text5        0000
__Htext6                       text6        0000
__Htext7                       text7        0000
__Htext8                       text8        0000
__Htext9                       text9        0000
__LRAM                         (abs)        0001
__Labs1                        abs1         0000
__Lbank0                       bank0        0000
__Lbank1                       bank1        0000
__Lbank2                       bank2        0000
__Lbank3                       bank3        0000
__Lbank4                       bank4        0000
__Lbank5                       bank5        0000
__Lbigbss                      bigbss       0000
__Lbigdata                     bigdata      0000
__Lbigram                      bigram       0000
__Lbigsfr                      bigsfr       0000
__Lbss                         bss          0000
__LbssBANK0                    bssBANK0     0000
__LbssCOMRAM                   bssCOMRAM    0000
__Lcinit                       cinit        0000
__Lclrtext                     clrtext      0000
__Lcomram                      comram       0000
__Lconfig                      config       0000
__Lconst                       const        0000
__LcstackCOMRAM                cstackCOMRAM 0000
__Ldata                        data         0000
__LdataBANK0                   dataBANK0    0000
__LdataCOMRAM                  dataCOMRAM   0000
__Leeprom_data                 eeprom_data  0000
__Lfarbss                      farbss       0000
__Lfardata                     fardata      0000
__Lheap                        heap         0000
__Libigdata                    ibigdata     0000
__Lidata                       idata        0000
__LidataBANK0                  idataBANK0   0000
__LidataCOMRAM                 idataCOMRAM  0000
__Lidloc                       idloc        0000
__Lifardata                    ifardata     0000
__Linit                        init         0000
__Lintcode                     intcode      0000
__Lintcode_body                intcode_body 0000
__Lintcodelo                   intcodelo    0000
__Lintentry                    intentry     0000
__Lintret                      intret       0000
__Lintsave_regs                intsave_regs 0000
__Lirdata                      irdata       0000
__Lmediumconst                 mediumconst  2E9A
__LnvFARRAM                    nvFARRAM     0000
__Lnvbit                       nvbit        0000
__Lnvrram                      nvrram       0000
__Lparam                       rparam       0000
__Lpowerup                     powerup      0000
__Lram                         ram          0000
__Lramtop                      ramtop       0600
__Lrbit                        rbit         0000
__Lrbss                        rbss         0000
__Lrdata                       rdata        0000
__Lreset_vec                   reset_vec    0000
__Lrparam                      rparam       0000
__Lsfr                         sfr          0000
__Lsmallconst                  smallconst   0000
__Lspace_0                     (abs)        0000
__Lspace_1                     (abs)        0000
__Lspace_2                     (abs)        0000
__Lspace_4                     (abs)        0000
__Lstack                       stack        0000
__Lstruct                      struct       0000
__Ltemp                        temp         0000
__Ltext                        text         0000
__Ltext0                       text0        0000
__Ltext1                       text1        0000
__Ltext10                      text10       0000
__Ltext11                      text11       0000
__Ltext12                      text12       0000
__Ltext13                      text13       0000
__Ltext14                      text14       0000
__Ltext15                      text15       0000
__Ltext16                      text16       0000
__Ltext17                      text17       0000
__Ltext18                      text18       0000
__Ltext19                      text19       0000
__Ltext2                       text2        0000
__Ltext20                      text20       0000
__Ltext21                      text21       0000
__Ltext22                      text22       0000
__Ltext23                      text23       0000
__Ltext24                      text24       0000
__Ltext25                      text25       0000
__Ltext26                      text26       0000
__Ltext27                      text27       0000
__Ltext28                      text28       0000
__Ltext29                      text29       0000
__Ltext3                       text3        0000
__Ltext30                      text30       0000
__Ltext31                      text31       0000
__Ltext32                      text32       0000
__Ltext33                      text33       0000
__Ltext34                      text34       0000
__Ltext35                      text35       0000
__Ltext36                      text36       0000
__Ltext37                      text37       0000
__Ltext38                      text38       0000
__Ltext39                      text39       0000
__Ltext4                       text4        0000
__Ltext40                      text40       0000
__Ltext41                      text41       0000
__Ltext42                      text42       0000
__Ltext43                      text43       0000
__Ltext44                      text44       0000
__Ltext45                      text45       0000
__Ltext46                      text46       0000
__Ltext47                      text47       0000
__Ltext48                      text48       0000
__Ltext5                       text5        0000
__Ltext6                       text6        0000
__Ltext7                       text7        0000
__Ltext8                       text8        0000
__Ltext9                       text9        0000
__S0                           (abs)        3001
__S1                           (abs)        0096
__S4                           (abs)        0000
__S5                           (abs)        0000
___awdiv                       text15       1814
___awdiv@counter               cstackCOMRAM 0005
___awdiv@dividend              cstackCOMRAM 0001
___awdiv@divisor               cstackCOMRAM 0003
___awdiv@quotient              cstackCOMRAM 0007
___awdiv@sign                  cstackCOMRAM 0006
___awmod                       text14       172C
___awmod@counter               cstackCOMRAM 000D
___awmod@dividend              cstackCOMRAM 0009
___awmod@divisor               cstackCOMRAM 000B
___awmod@sign                  cstackCOMRAM 000E
___ftdiv                       text30       1B70
___ftdiv@cntr                  cstackCOMRAM 0015
___ftdiv@exp                   cstackCOMRAM 0019
___ftdiv@f1                    cstackCOMRAM 000C
___ftdiv@f2                    cstackCOMRAM 000F
___ftdiv@f3                    cstackCOMRAM 0016
___ftdiv@sign                  cstackCOMRAM 001A
___ftmul                       text29       1D40
___ftmul@cntr                  cstackCOMRAM 0028
___ftmul@exp                   cstackCOMRAM 0024
___ftmul@f1                    cstackCOMRAM 001B
___ftmul@f2                    cstackCOMRAM 001E
___ftmul@f3_as_product         cstackCOMRAM 0025
___ftmul@sign                  cstackCOMRAM 0029
___ftpack                      text31       1934
___ftpack@arg                  cstackCOMRAM 0001
___ftpack@exp                  cstackCOMRAM 0004
___ftpack@sign                 cstackCOMRAM 0005
___fttol                       text28       1A9E
___fttol@exp1                  cstackCOMRAM 0038
___fttol@f1                    cstackCOMRAM 002A
___fttol@lval                  cstackCOMRAM 0034
___fttol@sign1                 cstackCOMRAM 0033
___heap_hi                     (abs)        0000
___heap_lo                     (abs)        0000
___inthi_sp                    stack        0000
___intlo_sp                    stack        0000
___lbdiv                       text48       13D0
___lbdiv@counter               cstackCOMRAM 0003
___lbdiv@dividend              cstackCOMRAM 0002
___lbdiv@divisor               cstackCOMRAM 0001
___lbdiv@quotient              cstackCOMRAM 0004
___lbmod                       text47       12E6
___lbmod@counter               cstackCOMRAM 0007
___lbmod@dividend              cstackCOMRAM 0006
___lbmod@divisor               cstackCOMRAM 0005
___lbmod@rem                   cstackCOMRAM 0008
___lwdiv                       text27       15CA
___lwdiv@counter               cstackCOMRAM 0007
___lwdiv@dividend              cstackCOMRAM 0001
___lwdiv@divisor               cstackCOMRAM 0003
___lwdiv@quotient              cstackCOMRAM 0005
___lwmod                       text26       14FE
___lwmod@counter               cstackCOMRAM 0005
___lwmod@dividend              cstackCOMRAM 0001
___lwmod@divisor               cstackCOMRAM 0003
___lwtoft                      text25       129A
___lwtoft@c                    cstackCOMRAM 0009
___param_bank                  (abs)        0000
___rparam_used                 (abs)        0001
___sp                          stack        0000
__accesstop                    (abs)        0060
__activetblptr                 (abs)        0002
__end_of___awdiv               text15       1898
__end_of___awmod               text14       179C
__end_of___ftdiv               text30       1C56
__end_of___ftmul               text29       1E34
__end_of___ftpack              text31       19E2
__end_of___fttol               text28       1B70
__end_of___lbdiv               text48       140A
__end_of___lbmod               text47       1310
__end_of___lwdiv               text27       161C
__end_of___lwmod               text26       1540
__end_of___lwtoft              text25       12BE
__end_of__initialization       cinit        1666
__end_of_change_password       text18       24A8
__end_of_clcd_print            text45       172C
__end_of_clcd_putch            text44       1242
__end_of_clcd_write            text46       12E6
__end_of_delay                 text20       1482
__end_of_get_password          text32       277C
__end_of_get_speed             text23       1934
__end_of_get_time              text21       16CC
__end_of_go_to_menu            text8        2A64
__end_of_i2c_idle              text42       11BE
__end_of_i2c_no_ack            text43       11B6
__end_of_i2c_read              text40       11EA
__end_of_i2c_rep_start         text39       11CE
__end_of_i2c_rx_mode           text41       11C6
__end_of_i2c_start             text38       11D6
__end_of_i2c_stop              text37       11DE
__end_of_i2c_write             text36       11F6
__end_of_init_adc              text7        129A
__end_of_init_clcd             text6        13D0
__end_of_init_config           text1        1582
__end_of_init_ds1307           text5        15CA
__end_of_init_i2c              text4        122A
__end_of_init_matrix_keypad    text3        1214
__end_of_init_uart             text2        14FE
__end_of_main                  text0        20A0
__end_of_print_log_to_clcd     text10       1F40
__end_of_print_to_console      text16       1A9E
__end_of_putch                 text17       1202
__end_of_read_adc              text24       1446
__end_of_read_ds1307           text22       1364
__end_of_read_external_eeprom  text35       133A
__end_of_read_switches         text33       14C0
__end_of_scan_key              text34       1814
__end_of_set_time              text12       2E9A
__end_of_store_key_log         text11       228A
__end_of_view_log              text9        1D40
__end_of_write_ds1307          text13       127A
__end_of_write_external_eeprom text19       139A
__initialization               cinit        161C
__mediumconst                  mediumconst  2E9A
__pbssBANK0                    bssBANK0     0060
__pbssCOMRAM                   bssCOMRAM    0045
__pcinit                       cinit        161C
__pcstackCOMRAM                cstackCOMRAM 0001
__pdataBANK0                   dataBANK0    007C
__pdataCOMRAM                  dataCOMRAM   005D
__pidataBANK0                  idataBANK0   1242
__pidataCOMRAM                 idataCOMRAM  3000
__pmediumconst                 mediumconst  2E9A
__ptext0                       text0        1F40
__ptext1                       text1        1540
__ptext10                      text10       1E34
__ptext11                      text11       20A0
__ptext12                      text12       2A64
__ptext13                      text13       125C
__ptext14                      text14       172C
__ptext15                      text15       1814
__ptext16                      text16       19E2
__ptext17                      text17       11F6
__ptext18                      text18       228A
__ptext19                      text19       1364
__ptext2                       text2        14C0
__ptext20                      text20       1446
__ptext21                      text21       1670
__ptext22                      text22       133A
__ptext23                      text23       1898
__ptext24                      text24       140A
__ptext25                      text25       129A
__ptext26                      text26       14FE
__ptext27                      text27       15CA
__ptext28                      text28       1A9E
__ptext29                      text29       1D40
__ptext3                       text3        1202
__ptext30                      text30       1B70
__ptext31                      text31       1934
__ptext32                      text32       24A8
__ptext33                      text33       1482
__ptext34                      text34       179C
__ptext35                      text35       1310
__ptext36                      text36       11EA
__ptext37                      text37       11D6
__ptext38                      text38       11CE
__ptext39                      text39       11C6
__ptext4                       text4        1214
__ptext40                      text40       11DE
__ptext41                      text41       11BE
__ptext42                      text42       11B6
__ptext43                      text43       11B0
__ptext44                      text44       122A
__ptext45                      text45       16CC
__ptext46                      text46       12BE
__ptext47                      text47       12E6
__ptext48                      text48       13D0
__ptext5                       text5        1582
__ptext6                       text6        139A
__ptext7                       text7        127A
__ptext8                       text8        277C
__ptext9                       text9        1C56
__ramtop                       ramtop       0600
__smallconst                   smallconst   0000
_change_password               text18       228A
_clcd_print                    text45       16CC
_clcd_putch                    text44       122A
_clcd_write                    text46       12BE
_delay                         text20       1446
_get_password                  text32       24A8
_get_speed                     text23       1898
_get_time                      text21       1670
_go_to_menu                    text8        277C
_i2c_idle                      text42       11B6
_i2c_no_ack                    text43       11B0
_i2c_read                      text40       11DE
_i2c_rep_start                 text39       11C6
_i2c_rx_mode                   text41       11BE
_i2c_start                     text38       11CE
_i2c_stop                      text37       11D6
_i2c_write                     text36       11EA
_init_adc                      text7        127A
_init_clcd                     text6        139A
_init_config                   text1        1540
_init_ds1307                   text5        1582
_init_i2c                      text4        1214
_init_matrix_keypad            text3        1202
_init_uart                     text2        14C0
_log_iter                      bssCOMRAM    004D
_log_total_saved               bssCOMRAM    004B
_main                          text0        1F40
_print_log_to_clcd             text10       1E34
_print_to_console              text16       19E2
_putch                         text17       11F6
_read_adc                      text24       140A
_read_ds1307                   text22       133A
_read_external_eeprom          text35       1310
_read_switches                 text33       1482
_scan_key                      text34       179C
_set_time                      text12       2A64
_speed                         bssCOMRAM    005A
_store_key_log                 text11       20A0
_time                          bssCOMRAM    0051
_view_log                      text9        1C56
_write_ds1307                  text13       125C
_write_external_eeprom         text19       1364
change_password@confirm        cstackCOMRAM 000D
change_password@exit_flag      cstackCOMRAM 0017
change_password@i              cstackCOMRAM 001E
change_password@j              cstackCOMRAM 001A
change_password@j_205          cstackCOMRAM 001C
change_password@j_210          cstackCOMRAM 0018
change_password@password       cstackCOMRAM 0013
change_password@wait           cstackCOMRAM 0011
clcd_print@addr                cstackCOMRAM 0005
clcd_print@data                cstackCOMRAM 0003
clcd_putch@addr                cstackCOMRAM 0009
clcd_putch@data                cstackCOMRAM 000A
clcd_write@byte                cstackCOMRAM 0002
clcd_write@control_bit         cstackCOMRAM 0001
delay@i                        cstackCOMRAM 0006
delay@ms                       cstackCOMRAM 0001
delay@wait                     cstackCOMRAM 0004
end_of_initialization          cinit        1666
get_password@c                 cstackCOMRAM 001A
get_password@count             cstackCOMRAM 0017
get_password@delay             cstackCOMRAM 0011
get_password@entered_password  cstackCOMRAM 000D
get_password@flag              bssCOMRAM    0050
get_password@i                 cstackCOMRAM 0025
get_password@j                 cstackCOMRAM 0022
get_password@k                 cstackCOMRAM 0024
get_password@key_pressed       cstackCOMRAM 0019
get_password@p                 cstackCOMRAM 0020
get_password@total_attempts    cstackCOMRAM 001E
get_password@wait              cstackCOMRAM 0013
get_password@wait_187          cstackCOMRAM 0015
get_speed@adc_reg_val          cstackCOMRAM 0039
get_time@clock_reg             bssCOMRAM    0048
go_to_menu@F10376              dataBANK0    007C
go_to_menu@exit_flag           cstackCOMRAM 0034
go_to_menu@i                   cstackCOMRAM 003A
go_to_menu@i_247               cstackCOMRAM 0036
go_to_menu@menu                cstackCOMRAM 002A
go_to_menu@pos                 cstackCOMRAM 0038
i2c_write@data                 cstackCOMRAM 0001
init_ds1307@dummy              cstackCOMRAM 0011
intlevel0                      text         0000
intlevel1                      text         0000
intlevel2                      text         0000
intlevel3                      text         0000
isa$std                        (abs)        0001
isa$xinst                      (abs)        0000
main@F10408                    dataBANK0    008F
main@gear                      cstackCOMRAM 003C
main@gear_iter                 cstackCOMRAM 0043
print_log_to_clcd@LINE         cstackCOMRAM 000C
print_log_to_clcd@iter         cstackCOMRAM 000B
print_to_console@iter          cstackCOMRAM 0004
putch@byte                     cstackCOMRAM 0001
read_adc@channel               cstackCOMRAM 0007
read_adc@reg_val               cstackCOMRAM 0005
read_ds1307@address            cstackCOMRAM 0002
read_ds1307@data               cstackCOMRAM 0003
read_external_eeprom@address   cstackCOMRAM 0002
read_external_eeprom@data      cstackCOMRAM 0003
read_switches@detection_type   cstackCOMRAM 0001
read_switches@key              bssCOMRAM    004F
read_switches@once             dataCOMRAM   005D
set_time@F10423                dataBANK0    0086
set_time@blinker               cstackCOMRAM 0013
set_time@clock_reg             bssCOMRAM    0045
set_time@dummy                 cstackCOMRAM 001F
set_time@exit_flag             cstackCOMRAM 001E
set_time@field_select          cstackCOMRAM 0020
set_time@hour                  cstackCOMRAM 0022
set_time@min                   cstackCOMRAM 0024
set_time@seconds               cstackCOMRAM 0026
set_time@time_buffer           cstackCOMRAM 0015
stackhi                        (abs)        0000
stacklo                        (abs)        0000
start                          init         0000
start_initialization           cinit        161C
store_key_log@gear             cstackCOMRAM 000F
view_log@exit_flag             cstackCOMRAM 001E
view_log@i                     cstackCOMRAM 0020
view_log@string                cstackCOMRAM 000E
write_ds1307@address           cstackCOMRAM 0010
write_ds1307@data              cstackCOMRAM 000F
write_external_eeprom@address  cstackCOMRAM 0005
write_external_eeprom@data     cstackCOMRAM 0002
write_external_eeprom@wait     cstackCOMRAM 0003


MODULE INFORMATION

Module		Function		Class		Link	Load	Size
event_logger.c
		_view_log      		CODE           	1C56	0000	234
		_store_key_log 		CODE           	20A0	0000	490
		_print_to_console		CODE           	19E2	0000	188
		_print_log_to_clcd		CODE           	1E34	0000	268

event_logger.c estimated size: 1180

password.c
		_get_password  		CODE           	24A8	0000	724
		_change_password		CODE           	228A	0000	542

password.c estimated size: 1266

C:\Program Files\Microchip\xc8\v2.36\pic\sources\c90\common\float.c
		___ftpack      		CODE           	1934	0000	174

C:\Program Files\Microchip\xc8\v2.36\pic\sources\c90\common\float.c estimated size: 174

C:\Program Files\Microchip\xc8\v2.36\pic\sources\c90\common\lwtoft.c
		___lwtoft      		CODE           	129A	0000	36

C:\Program Files\Microchip\xc8\v2.36\pic\sources\c90\common\lwtoft.c estimated size: 36

C:\Program Files\Microchip\xc8\v2.36\pic\sources\c90\common\lwmod.c
		___lwmod       		CODE           	14FE	0000	66

C:\Program Files\Microchip\xc8\v2.36\pic\sources\c90\common\lwmod.c estimated size: 66

C:\Program Files\Microchip\xc8\v2.36\pic\sources\c90\common\awmod.c
		___awmod       		CODE           	172C	0000	112

C:\Program Files\Microchip\xc8\v2.36\pic\sources\c90\common\awmod.c estimated size: 112

matrix_keypad.c
		_init_matrix_keypad		CODE           	1202	0000	18
		_read_switches 		CODE           	1482	0000	62
		_scan_key      		CODE           	179C	0000	120

matrix_keypad.c estimated size: 200

uart.c
		_putch         		CODE           	11F6	0000	12
		_init_uart     		CODE           	14C0	0000	62

uart.c estimated size: 74

i2c.c
		_i2c_start     		CODE           	11CE	0000	8
		_i2c_no_ack    		CODE           	11B0	0000	6
		_i2c_rep_start 		CODE           	11C6	0000	8
		_i2c_idle      		CODE           	11B6	0000	8
		_i2c_write     		CODE           	11EA	0000	12
		_i2c_stop      		CODE           	11D6	0000	8
		_i2c_read      		CODE           	11DE	0000	12
		_init_i2c      		CODE           	1214	0000	22
		_i2c_rx_mode   		CODE           	11BE	0000	8

i2c.c estimated size: 92

C:\Program Files\Microchip\xc8\v2.36\pic\sources\c90\common\ftmul.c
		___ftmul       		CODE           	1D40	0000	244

C:\Program Files\Microchip\xc8\v2.36\pic\sources\c90\common\ftmul.c estimated size: 244

C:\Program Files\Microchip\xc8\v2.36\pic\sources\c90\common\ftdiv.c
		___ftdiv       		CODE           	1B70	0000	230

C:\Program Files\Microchip\xc8\v2.36\pic\sources\c90\common\ftdiv.c estimated size: 230

ds1307.c
		_read_ds1307   		CODE           	133A	0000	42
		_write_ds1307  		CODE           	125C	0000	30
		_init_ds1307   		CODE           	1582	0000	72

ds1307.c estimated size: 144

C:\Program Files\Microchip\xc8\v2.36\pic\sources\c90\common\lwdiv.c
		___lwdiv       		CODE           	15CA	0000	82

C:\Program Files\Microchip\xc8\v2.36\pic\sources\c90\common\lwdiv.c estimated size: 82

eeprom.c
		_write_external_eeprom		CODE           	1364	0000	54
		_read_external_eeprom		CODE           	1310	0000	42

eeprom.c estimated size: 96

C:\Program Files\Microchip\xc8\v2.36\pic\sources\c90\common\awdiv.c
		___awdiv       		CODE           	1814	0000	132

C:\Program Files\Microchip\xc8\v2.36\pic\sources\c90\common\awdiv.c estimated size: 132

adc.c
		_init_adc      		CODE           	127A	0000	32
		_read_adc      		CODE           	140A	0000	60

adc.c estimated size: 92

C:\Program Files\Microchip\xc8\v2.36\pic\sources\c90\common\lbmod.c
		___lbmod       		CODE           	12E6	0000	42

C:\Program Files\Microchip\xc8\v2.36\pic\sources\c90\common\lbmod.c estimated size: 42

C:\Program Files\Microchip\xc8\v2.36\pic\sources\c90\common\fttol.c
		___fttol       		CODE           	1A9E	0000	210

C:\Program Files\Microchip\xc8\v2.36\pic\sources\c90\common\fttol.c estimated size: 210

shared
		__initialization		CODE           	161C	0000	74

shared estimated size: 74

clcd.c
		_clcd_write    		CODE           	12BE	0000	40
		_clcd_print    		CODE           	16CC	0000	96
		_clcd_putch    		CODE           	122A	0000	24
		_init_clcd     		CODE           	139A	0000	54

clcd.c estimated size: 214

menu.c
		_go_to_menu    		CODE           	277C	0000	744

menu.c estimated size: 744

C:\Program Files\Microchip\xc8\v2.36\pic\sources\c90\common\lbdiv.c
		___lbdiv       		CODE           	13D0	0000	58

C:\Program Files\Microchip\xc8\v2.36\pic\sources\c90\common\lbdiv.c estimated size: 58

main.c
		_delay         		CODE           	1446	0000	60
		_main          		CODE           	1F40	0000	352
		_get_speed     		CODE           	1898	0000	156
		_get_time      		CODE           	1670	0000	92
		_set_time      		CODE           	2A64	0000	1078
		_init_config   		CODE           	1540	0000	66

main.c estimated size: 1804

